b'./replace_bin.sh fibha_quarter./fiba_v2 ./binary_container_1.xclbin 1 100 1\r\n'b'root@zcu102_base_sw:/media/sd-mmcblk0p1# ./replace_bin.sh fibha_quarter./fiba_v2 \r ./binary_container_1.xclbin 1 100 1\r\n'b"rm: cannot remove '*.txt': No such file or directory\r\n"b"cp: cannot stat 'fibha_quarter./fiba_v2/*': Not a directory\r\n"b'\r\r\n'b'Broadcast message from root@zcu102m is going down for reboot NOW!\r\r\n'b'\rINIT: Switching to runlevel: \rINIT: Sending processes configured via /etc/inittab the TERM signal\r\r\n'b'root@zcu102_base_sw:/media/sd-mmcblk0p1# Stopping haveged: \r\n'b'\r\n'b'Stopping Dropbear SSH server: stopped /usr/sbin/dropbear (pid 829)\r\n'b'dropbear.\r\n'b'Stopping system message bus: dbus.\r\n'b'Stopping internet superserver: inetd.\r\n'b'Stopping syslogd/klogd: stopped syslogd (pid 840)\r\n'b'stopped klogd (pid 843)\r\n'b'done\r\n'b'Stopping tcf-agent: OK\r\n'b'Deconfiguring network interfaces... done.\r\n'b'Sending all processes the TERM signal...\r\n'b'logout\r\n'b'Sending all processes the KILL signal...\r\n'b'Unmounting remote filesystems...\r\n'b'Deactivating swap...\r\n'b'Unmounting local filesystems...\r\n'b'Rebooting...
[  180.905321] reboot: Restarting system\r\n'b'Xilinx Zynq MP First Stage Boot Loader \n'b'\rRelease 2021.2   Oct 13 2021  -  07:15:53\r\n'b'NOTICE:  BL31: v2.4(release):xlnx_rebase_v2.4_2021.1_update1-23-g9188496b9\r\n'b'NOTICE:  BL31: Built : 07:41:24, Oct 13 2021\r\n'b'\r\n'b'\r\n'b'U-Boot 2021.01 (Oct 12 2021 - 09:28:42 +0000)\r\n'b'\r\n'b'CPU:   ZynqMP\r\n'b'Silicon: v3\r\n'b'Model: ZynqMP ZCU102 Rev1.0\r\n'b'Board: Xilinx ZynqMP\r\n'b'DRAM:  4 GiB\r\n'b'PMUFW:\tv1.1\r\n'b'EL Level:\tEL2\r\n'b'Chip ID:\tzu9eg\r\n'b'NAND:  0 MiB\r\n'b'MMC:   mmc@ff170000: 0\r\n'b'Loading Environment from FAT... *** Warning - bad CRC, using default environment\r\n'b'\r\n'b'In:    serial\r\n'b'Out:   serial\r\n'b'Err:   serial\r\n'b'Bootmode: LVL_SHFT_SD_MODE1\r\n'b'Reset reason:\tSOFT \r\n'b'Net:   \r\n'b'ZYNQ GEM: ff0e0000, mdio bus ff0e0000, phyaddr 12, interface rgmii-id\r\n'b'\r\n'b'Warning: ethernet@ff0e0000 (eth0) using random MAC address - 5a:cb:f4:8d:55:76\r\n'b'eth0: ethernet@ff0e0000\r\n'b'Hit any key to stop autoboot:  2 \x08\x08\x08 1 \x08\x08\x08 0 \r\n'b'switch to partitions #0, OK\r\n'b'mmc0 is current device\r\n'b'Scanning mmc 0:1...\r\n'b'Found U-Boot script /boot.scr\r\n'b'2710 bytes read in 13 ms (203.1 KiB/s)\r\n'b'## Executing script at 20000000\r\n'b'Trying to load boot images from mmc0\r\n'b'157223840 bytes read in 14083 ms (10.6 MiB/s)\r\n'b'## Loading kernel from FIT Image at 10000000 ...\r\n'b"   Using 'conf-system-top.dtb' configuration\r\n"b"   Trying 'kernel-1' kernel subimage\r\n"b'     Description:  Linux kernel\r\n'b'     Created:      2021-10-12   9:30:57 UTC\r\n'b'     Type:         Kernel Image\r\n'b'     Compression:  gzip compressed\r\n'b'     Data Start:   0x100000f8\r\n'b'     Data Size:    9386420 Bytes = 9 MiB\r\n'b'     Architecture: AArch64\r\n'b'     OS:           Linux\r\n'b'     Load Address: 0x00200000\r\n'b'     Entry Point:  0x00200000\r\n'b'     Hash algo:    sha256\r\n'b'     Hash value:   b48af5aa72886a727dddefc054038e6dba0ffa3d6df85ea56d06d09a8b9e787e\r\n'b'   Verifying Hash Integrity ... sha256+ OK\r\n'b'## Loading ramdisk from FIT Image at 10000000 ...\r\n'b"   Using 'conf-system-top.dtb' configuration\r\n"b"   Trying 'ramdisk-1' ramdisk subimage\r\n"b'     Description:  petalinux-image-minimal\r\n'b'     Created:      2021-10-12   9:30:57 UTC\r\n'b'     Type:         RAMDisk Image\r\n'b'     Compression:  uncompressed\r\n'b'     Data Start:   0x10901aa4\r\n'b'     Data Size:    147778433 Bytes = 140.9 MiB\r\n'b'     Architecture: AArch64\r\n'b'     OS:           Linux\r\n'b'     Load Address: unavailable\r\n'b'     Entry Point:  unavailable\r\n'b'     Hash algo:    sha256\r\n'b'     Hash value:   7aef87828b154fd4d85fe9c7377ad46ed594820e36f8466e10154c20436449ba\r\n'b'   Verifying Hash Integrity ... sha256+ OK\r\n'b'## Loading fdt from FIT Image at 10000000 ...\r\n'b"   Using 'conf-system-top.dtb' configuration\r\n"b"   Trying 'fdt-system-top.dtb' fdt subimage\r\n"b'     Description:  Flattened Device Tree blob\r\n'b'     Created:      2021-10-12   9:30:57 UTC\r\n'b'     Type:         Flat Device Tree\r\n'b'     Compression:  uncompressed\r\n'b'     Data Start:   0x108f3bbc\r\n'b'     Data Size:    56853 Bytes = 55.5 KiB\r\n'b'     Architecture: AArch64\r\n'b'     Hash algo:    sha256\r\n'b'     Hash value:   8c68d342da5d30ec163a060b51d68a2573dcb9038550c72e209ece62a802f329\r\n'b'   Verifying Hash Integrity ... sha256+ OK\r\n'b'   Booting using the fdt blob at 0x108f3bbc\r\n'b'   Uncompressing Kernel Image\r\n'b'   Loading Ramdisk to 7501f000, end 7dd0db81 ... OK\r\n'b'   Loading Device Tree to 000000007500e000, end 000000007501ee14 ... OK\r\n'b'\r\n'b'Starting kernel ...\r\n'b'\r\n'b'[    0.000000] Booting Linux on physical CPU 0x0000000000 [0x410fd034]\r\n'b'[    0.000000] Linux version 5.10.0-xilinx-v2021.2 (oe-user@oe-host) (aarch64-xilinx-linux-gcc (GCC) 10.2.0, GNU ld (GNU Binutils) 2.35.1) #1 SMP Tue Oct 12 09:30:57 UTC 2021\r\n'b'[    0.000000] Machine model: ZynqMP ZCU102 Rev1.0\r\n'b"[    0.000000] earlycon: cdns0 at MMIO 0x00000000ff000000 (options '115200n8')\r\n"b'[    0.000000] printk: bootconsole [cdns0] enabled\r\n'b'[    0.000000] efi: UEFI not found.\r\n'b'[    0.000000] cma: Reserved 256 MiB at 0x0000000065000000\r\n'b'[    0.000000] Zone ranges:\r\n'b'[    0.000000]   DMA32    [mem 0x0000000000000000-0x00000000ffffffff]\r\n'b'[    0.000000]   Normal   [mem 0x0000000100000000-0x000000087fffffff]\r\n'b'[    0.000000] Movable zone start for each node\r\n'b'[    0.000000] Early memory node ranges\r\n'b'[    0.000000]   node   0: [mem 0x0000000000000000-0x000000007fefffff]\r\n'b'[    0.000000]   node   0: [mem 0x0000000800000000-0x000000087fffffff]\r\n'b'[    0.000000] Zeroed struct page in unavailable ranges: 256 pages\r\n'b'[    0.000000] Initmem setup node 0 [mem 0x0000000000000000-0x000000087fffffff]\r\n'b'[    0.000000] psci: probing for conduit method from DT.\r\n'b'[    0.000000] psci: PSCIv1.1 detected in firmware.\r\n'b'[    0.000000] psci: Using standard PSCI v0.2 function IDs\r\n'b'[    0.000000] psci: MIGRATE_INFO_TYPE not supported.\r\n'b'[    0.000000] psci: SMC Calling Convention v1.2\r\n'b'[    0.000000] percpu: Embedded 22 pages/cpu s50968 r8192 d30952 u90112\r\n'b'[    0.000000] Detected VIPT I-cache on CPU0\r\n'b'[    0.000000] CPU features: detected: ARM erratum 845719\r\n'b'[    0.000000] Built 1 zonelists, mobility grouping on.  Total pages: 1031940\r\n'b'[    0.000000] Kernel command line:  earlycon console=ttyPS0,115200 clk_ignore_unused root=/dev/ram0 rw\r\n'b'[    0.000000] Dentry cache hash table entries: 524288 (order: 10, 4194304 bytes, linear)\r\n'b'[    0.000000] Inode-cache hash table entries: 262144 (order: 9, 2097152 bytes, linear)\r\n'b'[    0.000000] mem auto-init: stack:off, heap alloc:off, heap free:off\r\n'b'[    0.000000] software IO TLB: mapped [mem 0x0000000061000000-0x0000000065000000] (64MB)\r\n'b'[    0.000000] Memory: 3618652K/4193280K available (13952K kernel code, 982K rwdata, 3928K rodata, 2112K init, 586K bss, 312484K reserved, 262144K cma-reserved)\r\n'b'[    0.000000] rcu: Hierarchical RCU implementation.\r\n'b'[    0.000000] rcu: \tRCU event tracing is enabled.\r\n'b'[    0.000000] rcu: RCU calculated value of scheduler-enlistment delay is 25 jiffies.\r\n'b'[    0.000000] NR_IRQS: 64, nr_irqs: 64, preallocated irqs: 0\r\n'b'[    0.000000] GIC: Adjusting CPU interface base to 0x00000000f902f000\r\n'b'[    0.000000] GIC: Using split EOI/Deactivate mode\r\n'b'[    0.000000] irq-xilinx: /amba_pl@0/interrupt-controller@80000000: num_irq=32, sw_irq=0, edge=0x0\r\n'b'[    0.000000] random: get_random_bytes called from start_kernel+0x31c/0x524 with crng_init=0\r\n'b'[    0.000000] arch_timer: cp15 timer(s) running at 99.99MHz (phys).\r\n'b'[    0.000000] clocksource: arch_sys_counter: mask: 0xffffffffffffff max_cycles: 0x170f8de2d3, max_idle_ns: 440795206112 ns\r\n'b'[    0.000004] sched_clock: 56 bits at 99MHz, resolution 10ns, wraps every 4398046511101ns\r\n'b'[    0.008321] Console: colour dummy device 80x25\r\n'b'[    0.012396] Calibrating delay loop (skipped), value calculated using timer frequency.. 199.98 BogoMIPS (lpj=399960)\r\n'b'[    0.022757] pid_max: default: 32768 minimum: 301\r\n'b'[    0.027482] Mount-cache hash table entries: 8192 (order: 4, 65536 bytes, linear)\r\n'b'[    0.034705] Mountpoint-cache hash table entries: 8192 (order: 4, 65536 bytes, linear)\r\n'b'[    0.043546] rcu: Hierarchical SRCU implementation.\r\n'b'[    0.047562] EFI services will not be available.\r\n'b'[    0.051884] smp: Bringing up secondary CPUs ...\r\n'b'[    0.056613] Detected VIPT I-cache on CPU1\r\n'b'[    0.056652] CPU1: Booted secondary processor 0x0000000001 [0x410fd034]\r\n'b'[    0.057042] Detected VIPT I-cache on CPU2\r\n'b'[    0.057065] CPU2: Booted secondary processor 0x0000000002 [0x410fd034]\r\n'b'[    0.057426] Detected VIPT I-cache on CPU3\r\n'b'[    0.057449] CPU3: Booted secondary processor 0x0000000003 [0x410fd034]\r\n'b'[    0.057496] smp: Brought up 1 node, 4 CPUs\r\n'b'[    0.091702] SMP: Total of 4 processors activated.\r\n'b'[    0.096376] CPU features: detected: 32-bit EL0 Support\r\n'b'[    0.101480] CPU features: detected: CRC32 instructions\r\n'b'[    0.106618] CPU: All CPU(s) started at EL2\r\n'b'[    0.110661] alternatives: patching kernel code\r\n'b'[    0.116186] devtmpfs: initialized\r\n'b'[    0.124849] clocksource: jiffies: mask: 0xffffffff max_cycles: 0xffffffff, max_idle_ns: 7645041785100000 ns\r\n'b'[    0.128950] futex hash table entries: 1024 (order: 4, 65536 bytes, linear)\r\n'b'[    0.142414] pinctrl core: initialized pinctrl subsystem\r\n'b'[    0.142931] DMI not present or invalid.\r\n'b'[    0.145992] NET: Registered protocol family 16\r\n'b'[    0.151289] DMA: preallocated 512 KiB GFP_KERNEL pool for atomic allocations\r\n'b'[    0.157330] DMA: preallocated 512 KiB GFP_KERNEL|GFP_DMA32 pool for atomic allocations\r\n'b'[    0.165143] audit: initializing netlink subsys (disabled)\r\n'b'[    0.170606] audit: type=2000 audit(0.112:1): state=initialized audit_enabled=0 res=1\r\n'b'[    0.178187] cpuidle: using governor menu\r\n'b'[    0.182129] hw-breakpoint: found 6 breakpoint and 4 watchpoint registers.\r\n'b'[    0.188863] ASID allocator initialised with 65536 entries\r\n'b'[    0.194278] Serial: AMBA PL011 UART driver\r\n'b'[    0.226919] HugeTLB registered 1.00 GiB page size, pre-allocated 0 pages\r\n'b'[    0.227978] HugeTLB registered 32.0 MiB page size, pre-allocated 0 pages\r\n'b'[    0.234649] HugeTLB registered 2.00 MiB page size, pre-allocated 0 pages\r\n'b'[    0.241319] HugeTLB registered 64.0 KiB page size, pre-allocated 0 pages\r\n'b'[    1.292809] cryptd: max_cpu_qlen set to 1000\r\n'b'[    1.317566] DRBG: Continuing without Jitter RNG\r\n'b'[    1.396761] raid6: neonx8   gen()  2140 MB/s\r\n'b'[    1.464822] raid6: neonx8   xor()  1592 MB/s\r\n'b'[    1.532883] raid6: neonx4   gen()  2185 MB/s\r\n'b'[    1.600943] raid6: neonx4   xor()  1562 MB/s\r\n'b'[    1.669015] raid6: neonx2   gen()  2076 MB/s\r\n'b'[    1.737066] raid6: neonx2   xor()  1435 MB/s\r\n'b'[    1.805148] raid6: neonx1   gen()  1774 MB/s\r\n'b'[    1.873202] raid6: neonx1   xor()  1219 MB/s\r\n'b'[    1.941260] raid6: int64x8  gen()  1437 MB/s\r\n'b'[    2.009318] raid6: int64x8  xor()   771 MB/s\r\n'b'[    2.077393] raid6: int64x4  gen()  1601 MB/s\r\n'b'[    2.145457] raid6: int64x4  xor()   819 MB/s\r\n'b'[    2.213534] raid6: int64x2  gen()  1397 MB/s\r\n'b'[    2.281586] raid6: int64x2  xor()   747 MB/s\r\n'b'[    2.349661] raid6: int64x1  gen()  1033 MB/s\r\n'b'[    2.417720] raid6: int64x1  xor()   517 MB/s\r\n'b'[    2.417758] raid6: using algorithm neonx4 gen() 2185 MB/s\r\n'b'[    2.421713] raid6: .... xor() 1562 MB/s, rmw enabled\r\n'b'[    2.426649] raid6: using neon recovery algorithm\r\n'b'[    2.431767] iommu: Default domain type: Translated \r\n'b'[    2.436304] SCSI subsystem initialized\r\n'b'[    2.439939] usbcore: registered new interface driver usbfs\r\n'b'[    2.445279] usbcore: registered new interface driver hub\r\n'b'[    2.450553] usbcore: registered new device driver usb\r\n'b'[    2.455596] mc: Linux media interface: v0.10\r\n'b'[    2.459801] videodev: Linux video capture interface: v2.00\r\n'b'[    2.465274] EDAC MC: Ver: 3.0.0\r\n'b'[    2.468726] zynqmp-ipi-mbox mailbox@ff990400: Registered ZynqMP IPI mbox with TX/RX channels.\r\n'b'[    2.477026] FPGA manager framework\r\n'b'[    2.480327] Advanced Linux Sound Architecture Driver Initialized.\r\n'b'[    2.486551] Bluetooth: Core ver 2.22\r\n'b'[    2.489814] NET: Registered protocol family 31\r\n'b'[    2.494214] Bluetooth: HCI device and connection manager initialized\r\n'b'[    2.500531] Bluetooth: HCI socket layer initialized\r\n'b'[    2.505374] Bluetooth: L2CAP socket layer initialized\r\n'b'[    2.510398] Bluetooth: SCO socket layer initialized\r\n'b'[    2.515481] clocksource: Switched to clocksource arch_sys_counter\r\n'b'[    2.521440] VFS: Disk quotas dquot_6.6.0\r\n'b'[    2.525229] VFS: Dquot-cache hash table entries: 512 (order 0, 4096 bytes)\r\n'b'[    2.536540] NET: Registered protocol family 2\r\n'b'[    2.536932] tcp_listen_portaddr_hash hash table entries: 2048 (order: 3, 32768 bytes, linear)\r\n'b'[    2.544866] TCP established hash table entries: 32768 (order: 6, 262144 bytes, linear)\r\n'b'[    2.552895] TCP bind hash table entries: 32768 (order: 7, 524288 bytes, linear)\r\n'b'[    2.560356] TCP: Hash tables configured (established 32768 bind 32768)\r\n'b'[    2.566526] UDP hash table entries: 2048 (order: 4, 65536 bytes, linear)\r\n'b'[    2.573183] UDP-Lite hash table entries: 2048 (order: 4, 65536 bytes, linear)\r\n'b'[    2.580362] NET: Registered protocol family 1\r\n'b'[    2.584825] RPC: Registered named UNIX socket transport module.\r\n'b'[    2.590426] RPC: Registered udp transport module.\r\n'b'[    2.595085] RPC: Registered tcp transport module.\r\n'b'[    2.599755] RPC: Registered tcp NFSv4.1 backchannel transport module.\r\n'b'[    2.606752] PCI: CLS 0 bytes, default 64\r\n'b'[    2.610156] Trying to unpack rootfs image as initramfs...\r\n'b'[   10.227851] Freeing initrd memory: 144312K\r\n'b'[   10.289151] Initialise system trusted keyrings\r\n'b'[   10.289285] workingset: timestamp_bits=46 max_order=20 bucket_order=0\r\n'b'[   10.295064] NFS: Registering the id_resolver key type\r\n'b'[   10.299389] Key type id_resolver registered\r\n'b'[   10.303532] Key type id_legacy registered\r\n'b'[   10.307529] nfs4filelayout_init: NFSv4 File Layout Driver Registering...\r\n'b'[   10.314187] jffs2: version 2.2. (NAND) (SUMMARY)  \xc2\xa9 2001-2006 Red Hat, Inc.\r\n'b'[   10.357000] NET: Registered protocol family 38\r\n'b'[   10.357044] xor: measuring software checksum speed\r\n'b'[   10.364737]    8regs           :  2363 MB/sec\r\n'b'[   10.368403]    32regs          :  2798 MB/sec\r\n'b'[   10.373348]    arm64_neon      :  2380 MB/sec\r\n'b'[   10.373536] xor: using function: 32regs (2798 MB/sec)\r\n'b'[   10.378562] Key type asymmetric registered\r\n'b"[   10.382626] Asymmetric key parser 'x509' registered\r\n"b'[   10.387494] Block layer SCSI generic (bsg) driver version 0.4 loaded (major 247)\r\n'b'[   10.394824] io scheduler mq-deadline registered\r\n'b'[   10.399322] io scheduler kyber registered\r\n'b'[   10.405316] ps_pcie_dma init()\r\n'b'[   10.431495] Serial: 8250/16550 driver, 4 ports, IRQ sharing disabled\r\n'b'[   10.433346] Serial: AMBA driver\r\n'b'[   10.437951] cacheinfo: Unable to detect cache hierarchy for CPU 0\r\n'b'[   10.445957] brd: module loaded\r\n'b'[   10.450422] loop: module loaded\r\n'b'[   10.451353] mtdoops: mtd device (mtddev=name/number) must be supplied\r\n'b'[   10.455858] libphy: Fixed MDIO Bus: probed\r\n'b'[   10.459683] tun: Universal TUN/TAP device driver, 1.6\r\n'b'[   10.463504] CAN device driver interface\r\n'b'[   10.468032] usbcore: registered new interface driver asix\r\n'b'[   10.472623] usbcore: registered new interface driver ax88179_178a\r\n'b'[   10.478664] usbcore: registered new interface driver cdc_ether\r\n'b'[   10.484457] usbcore: registered new interface driver net1080\r\n'b'[   10.490079] usbcore: registered new interface driver cdc_subset\r\n'b'[   10.495961] usbcore: registered new interface driver zaurus\r\n'b'[   10.501511] usbcore: registered new interface driver cdc_ncm\r\n'b'[   10.508067] usbcore: registered new interface driver uas\r\n'b'[   10.512417] usbcore: registered new interface driver usb-storage\r\n'b'[   10.519000] rtc_zynqmp ffa60000.rtc: registered as rtc0\r\n'b'[   10.523558] rtc_zynqmp ffa60000.rtc: setting system clock to 2019-12-30T13:43:55 UTC (1577713435)\r\n'b'[   10.532415] i2c /dev entries driver\r\n'b'[   10.537627] usbcore: registered new interface driver uvcvideo\r\n'b'[   10.541539] USB Video Class driver (1.1.1)\r\n'b'[   10.546631] Bluetooth: HCI UART driver ver 2.3\r\n'b'[   10.550021] Bluetooth: HCI UART protocol H4 registered\r\n'b'[   10.555117] Bluetooth: HCI UART protocol BCSP registered\r\n'b'[   10.560407] Bluetooth: HCI UART protocol LL registered\r\n'b'[   10.565497] Bluetooth: HCI UART protocol ATH3K registered\r\n'b'[   10.570871] Bluetooth: HCI UART protocol Three-wire (H5) registered\r\n'b'[   10.577125] Bluetooth: HCI UART protocol Intel registered\r\n'b'[   10.582465] Bluetooth: HCI UART protocol QCA registered\r\n'b'[   10.587669] usbcore: registered new interface driver bcm203x\r\n'b'[   10.593288] usbcore: registered new interface driver bpa10x\r\n'b'[   10.598825] usbcore: registered new interface driver bfusb\r\n'b'[   10.604278] usbcore: registered new interface driver btusb\r\n'b'[   10.609738] usbcore: registered new interface driver ath3k\r\n'b'[   10.615232] EDAC MC: ECC not enabled\r\n'b'[   10.618853] EDAC DEVICE0: Giving out device to module zynqmp-ocm-edac controller zynqmp_ocm: DEV ff960000.memory-controller (INTERRUPT)\r\n'b'[   10.631236] sdhci: Secure Digital Host Controller Interface driver\r\n'b'[   10.636963] sdhci: Copyright(c) Pierre Ossman\r\n'b'[   10.641279] sdhci-pltfm: SDHCI platform and OF driver helper\r\n'b'[   10.647294] ledtrig-cpu: registered to indicate activity on CPUs\r\n'b'[   10.652882] SMCCC: SOC_ID: ARCH_SOC_ID not implemented, skipping ....\r\n'b'[   10.659309] zynqmp_firmware_probe Platform Management API v1.1\r\n'b'[   10.665074] zynqmp_firmware_probe Trustzone version v1.0\r\n'b'[   10.700599] zynqmp-pinctrl firmware:zynqmp-firmware:pinctrl: zynqmp pinctrl initialized\r\n'b'[   10.746191] securefw securefw: securefw probed\r\r\n'b'[   10.746489] alg: No test for xilinx-zynqmp-aes (zynqmp-aes)\r\n'b'[   10.750651] zynqmp_aes firmware:zynqmp-firmware:zynqmp-aes: AES Successfully Registered\r\n'b'[   10.758777] alg: No test for xilinx-keccak-384 (zynqmp-keccak-384)\r\n'b'[   10.764924] alg: No test for xilinx-zynqmp-rsa (zynqmp-rsa)\r\n'b'[   10.770430] usbcore: registered new interface driver usbhid\r\n'b'[   10.775801] usbhid: USB HID core driver\r\n'b'[   10.782422] ARM CCI_400_r1 PMU driver probed\r\n'b'[   10.782903] fpga_manager fpga0: Xilinx ZynqMP FPGA Manager registered\r\n'b'[   10.790722] usbcore: registered new interface driver snd-usb-audio\r\n'b'[   10.797311] pktgen: Packet Generator for packet performance testing. Version: 2.75\r\n'b'[   10.804531] Initializing XFRM netlink socket\r\n'b'[   10.808221] NET: Registered protocol family 10\r\n'b'[   10.812978] Segment Routing with IPv6\r\n'b'[   10.816361] sit: IPv6, IPv4 and MPLS over IPv4 tunneling driver\r\n'b'[   10.822436] NET: Registered protocol family 17\r\n'b'[   10.826505] NET: Registered protocol family 15\r\n'b'[   10.830916] can: controller area network core\r\n'b'[   10.835256] NET: Registered protocol family 29\r\n'b'[   10.839648] can: raw protocol\r\n'b'[   10.842578] can: broadcast manager protocol\r\n'b'[   10.846739] can: netlink gateway - max_hops=1\r\n'b'[   10.851139] Bluetooth: RFCOMM TTY layer initialized\r\n'b'[   10.855917] Bluetooth: RFCOMM socket layer initialized\r\n'b'[   10.861024] Bluetooth: RFCOMM ver 1.11\r\n'b'[   10.864733] Bluetooth: BNEP (Ethernet Emulation) ver 1.3\r\n'b'[   10.870006] Bluetooth: BNEP filters: protocol multicast\r\n'b'[   10.875198] Bluetooth: BNEP socket layer initialized\r\n'b'[   10.880127] Bluetooth: HIDP (Human Interface Emulation) ver 1.2\r\n'b'[   10.886012] Bluetooth: HIDP socket layer initialized\r\n'b'[   10.891072] 9pnet: Installing 9P2000 support\r\n'b'[   10.895199] Key type dns_resolver registered\r\n'b'[   10.899612] registered taskstats version 1\r\n'b'[   10.903491] Loading compiled-in X.509 certificates\r\n'b'[   10.909184] Btrfs loaded, crc32c=crc32c-generic\r\n'b'[   10.921802] ff000000.serial: ttyPS0 at MMIO 0xff000000 (irq = 56, base_baud = 6249375) is a xuartps\r\n'b'[   10.930825] printk: console [ttyPS0] enabled\r\n'b'[   10.930825] printk: console [ttyPS0] enabled\r\n'b'[   10.935121] printk: bootconsole [cdns0] disabled\r\n'b'[   10.935121] printk: bootconsole [cdns0] disabled\r\n'b'[   10.944761] ff010000.serial: ttyPS1 at MMIO 0xff010000 (irq = 57, base_baud = 6249375) is a xuartps\r\n'b'[   10.957976] of-fpga-region fpga-full: FPGA Region probed\r\n'b'[   10.964874] nwl-pcie fd0e0000.pcie: host bridge /axi/pcie@fd0e0000 ranges:\r\n'b'[   10.971768] nwl-pcie fd0e0000.pcie:      MEM 0x00e0000000..0x00efffffff -> 0x00e0000000\r\n'b'[   10.979771] nwl-pcie fd0e0000.pcie:      MEM 0x0600000000..0x07ffffffff -> 0x0600000000\r\n'b'[   10.987834] nwl-pcie fd0e0000.pcie: Link is DOWN\r\n'b'[   10.992601] nwl-pcie fd0e0000.pcie: PCI host bridge to bus 0000:00\r\n'b'[   10.998777] pci_bus 0000:00: root bus resource [bus 00-ff]\r\n'b'[   11.004262] pci_bus 0000:00: root bus resource [mem 0xe0000000-0xefffffff]\r\n'b'[   11.011134] pci_bus 0000:00: root bus resource [mem 0x600000000-0x7ffffffff pref]\r\n'b'[   11.018645] pci 0000:00:00.0: [10ee:d021] type 01 class 0x060400\r\n'b'[   11.024702] pci 0000:00:00.0: PME# supported from D0 D1 D2 D3hot\r\n'b'[   11.034839] pci 0000:00:00.0: PCI bridge to [bus 01-0c]\r\n'b'[   11.040153] ps_pcie_dma 0000:00:00.0: PS PCIe DMA Driver probe\r\n'b'[   11.046332] xilinx-zynqmp-dma fd500000.dma: ZynqMP DMA driver Probe success\r\n'b'[   11.053514] xilinx-zynqmp-dma fd510000.dma: ZynqMP DMA driver Probe success\r\n'b'[   11.060690] xilinx-zynqmp-dma fd520000.dma: ZynqMP DMA driver Probe success\r\n'b'[   11.067868] xilinx-zynqmp-dma fd530000.dma: ZynqMP DMA driver Probe success\r\n'b'[   11.075046] xilinx-zynqmp-dma fd540000.dma: ZynqMP DMA driver Probe success\r\n'b'[   11.082218] xilinx-zynqmp-dma fd550000.dma: ZynqMP DMA driver Probe success\r\n'b'[   11.089395] xilinx-zynqmp-dma fd560000.dma: ZynqMP DMA driver Probe success\r\n'b'[   11.096577] xilinx-zynqmp-dma fd570000.dma: ZynqMP DMA driver Probe success\r\n'b'[   11.103821] xilinx-zynqmp-dma ffa80000.dma: ZynqMP DMA driver Probe success\r\n'b'[   11.110992] xilinx-zynqmp-dma ffa90000.dma: ZynqMP DMA driver Probe success\r\n'b'[   11.118173] xilinx-zynqmp-dma ffaa0000.dma: ZynqMP DMA driver Probe success\r\n'b'[   11.125349] xilinx-zynqmp-dma ffab0000.dma: ZynqMP DMA driver Probe success\r\n'b'[   11.132520] xilinx-zynqmp-dma ffac0000.dma: ZynqMP DMA driver Probe success\r\n'b'[   11.139715] xilinx-zynqmp-dma ffad0000.dma: ZynqMP DMA driver Probe success\r\n'b'[   11.146887] xilinx-zynqmp-dma ffae0000.dma: ZynqMP DMA driver Probe success\r\n'b'[   11.154066] xilinx-zynqmp-dma ffaf0000.dma: ZynqMP DMA driver Probe success\r\n'b'[   11.161476] xilinx-zynqmp-dpdma fd4c0000.dma-controller: Xilinx DPDMA engine is probed\r\n'b'[   11.169955] ahci-ceva fd0c0000.ahci: supply ahci not found, using dummy regulator\r\n'b'[   11.177506] ahci-ceva fd0c0000.ahci: supply phy not found, using dummy regulator\r\n'b'[   11.185621] spi-nor spi0.0: found mt25qu512a, expected m25p80\r\n'b'[   11.192016] spi-nor spi0.0: trying to lock already unlocked area\r\n'b'[   11.198023] spi-nor spi0.0: mt25qu512a (131072 Kbytes)\r\n'b'[   11.203181] 3 fixed-partitions partitions found on MTD device spi0.0\r\n'b'[   11.209525] Creating 3 MTD partitions on "spi0.0":\r\n'b'[   11.214310] 0x000000000000-0x000000100000 : "boot"\r\n'b'[   11.219975] 0x000000100000-0x000000140000 : "bootenv"\r\n'b'[   11.225733] 0x000000140000-0x000001740000 : "kernel"\r\n'b'[   11.233874] macb ff0e0000.ethernet: Not enabling partial store and forward\r\n'b'[   11.241449] libphy: MACB_mii_bus: probed\r\n'b'[   11.247875] macb ff0e0000.ethernet eth0: Cadence GEM rev 0x50070106 at 0xff0e0000 irq 39 (5a:cb:f4:8d:55:76)\r\n'b'[   11.258199] xilinx-axipmon ffa00000.perf-monitor: Probed Xilinx APM\r\n'b'[   11.264796] xilinx-axipmon fd0b0000.perf-monitor: Probed Xilinx APM\r\n'b'[   11.271323] xilinx-axipmon fd490000.perf-monitor: Probed Xilinx APM\r\n'b'[   11.277933] xilinx-axipmon ffa10000.perf-monitor: Probed Xilinx APM\r\n'b'[   11.287122] pca953x 0-0020: supply vcc not found, using dummy regulator\r\n'b'[   11.293812] pca953x 0-0020: using no AI\r\n'b'[   11.298351] pca953x 0-0021: supply vcc not found, using dummy regulator\r\n'b'[   11.305035] pca953x 0-0021: using no AI\r\n'b'[   11.318411] i2c i2c-0: Added multiplexed i2c bus 2\r\n'b'[   11.329989] i2c i2c-0: Added multiplexed i2c bus 3\r\n'b'[   11.346035] random: fast init done\r\n'b'[   11.388346] i2c i2c-0: Added multiplexed i2c bus 4\r\n'b'[   11.393262] i2c i2c-0: Added multiplexed i2c bus 5\r\n'b'[   11.398056] pca954x 0-0075: registered 4 multiplexed busses for I2C mux pca9544\r\n'b'[   11.405388] cdns-i2c ff020000.i2c: 400 kHz mmio ff020000 irq 41\r\n'b'[   11.413097] at24 6-0054: supply vcc not found, using dummy regulator\r\n'b'[   11.420002] at24 6-0054: 1024 byte 24c08 EEPROM, writable, 1 bytes/write\r\n'b'[   11.426733] i2c i2c-1: Added multiplexed i2c bus 6\r\n'b'[   11.433163] si5341 7-0036: Chip: 5341 Grade: 1 Rev: 1\r\n'b'[   11.470703] i2c i2c-1: Added multiplexed i2c bus 7\r\n'b'[   11.478330] si570 8-005d: registered, current frequency 300000000 Hz\r\n'b'[   11.484718] i2c i2c-1: Added multiplexed i2c bus 8\r\n'b'[   11.504470] si570 9-005d: registered, current frequency 148500000 Hz\r\n'b'[   11.510862] i2c i2c-1: Added multiplexed i2c bus 9\r\n'b'[   11.515893] si5324 10-0069: si5328 probed\r\n'b'[   11.583797] si5324 10-0069: si5328 probe successful\r\n'b'[   11.588709] i2c i2c-1: Added multiplexed i2c bus 10\r\n'b'[   11.593720] i2c i2c-1: Added multiplexed i2c bus 11\r\n'b'[   11.598720] i2c i2c-1: Added multiplexed i2c bus 12\r\n'b'[   11.603717] i2c i2c-1: Added multiplexed i2c bus 13\r\n'b'[   11.608592] pca954x 1-0074: registered 8 multiplexed busses for I2C switch pca9548\r\n'b'[   11.616572] i2c i2c-1: Added multiplexed i2c bus 14\r\n'b'[   11.621581] i2c i2c-1: Added multiplexed i2c bus 15\r\n'b'[   11.626588] i2c i2c-1: Added multiplexed i2c bus 16\r\n'b'[   11.631600] i2c i2c-1: Added multiplexed i2c bus 17\r\n'b'[   11.636605] i2c i2c-1: Added multiplexed i2c bus 18\r\n'b'[   11.641627] i2c i2c-1: Added multiplexed i2c bus 19\r\n'b'[   11.646632] i2c i2c-1: Added multiplexed i2c bus 20\r\n'b'[   11.651643] i2c i2c-1: Added multiplexed i2c bus 21\r\n'b'[   11.656519] pca954x 1-0075: registered 8 multiplexed busses for I2C switch pca9548\r\n'b'[   11.664112] cdns-i2c ff030000.i2c: 400 kHz mmio ff030000 irq 42\r\n'b'[   11.674245] cdns-wdt fd4d0000.watchdog: Xilinx Watchdog Timer with timeout 60s\r\n'b'[   11.681739] cdns-wdt ff150000.watchdog: Xilinx Watchdog Timer with timeout 10s\r\n'b'[   11.689445] cpufreq: cpufreq_online: CPU0: Running at unlisted initial frequency: 1199880 KHz, changing to: 1199999 KHz\r\n'b'[   11.703428] zynqmp-display fd4a0000.display: vtc bridge property not present\r\n'b'[   11.712326] xilinx-dp-snd-codec fd4a0000.display:zynqmp_dp_snd_codec0: Xilinx DisplayPort Sound Codec probed\r\n'b'[   11.722477] xilinx-dp-snd-pcm zynqmp_dp_snd_pcm0: Xilinx DisplayPort Sound PCM probed\r\n'b'[   11.730610] xilinx-dp-snd-pcm zynqmp_dp_snd_pcm1: Xilinx DisplayPort Sound PCM probed\r\n'b'[   11.734486] mmc0: SDHCI controller on ff170000.mmc [ff170000.mmc] using ADMA 64-bit\r\n'b'[   11.746881] xilinx-dp-snd-card fd4a0000.display:zynqmp_dp_snd_card: ASoC: no DMI vendor name!\r\n'b'[   11.755764] xilinx-dp-snd-card fd4a0000.display:zynqmp_dp_snd_card: Xilinx DisplayPort Sound Card probed\r\n'b'[   11.765356] OF: graph: no port node found in /axi/display@fd4a0000\r\n'b'[   11.771873] xlnx-drm xlnx-drm.0: bound fd4a0000.display (ops 0xffff800010e7bac8)\r\n'b'[   11.808080] mmc0: Problem switching card into high-speed mode!\r\n'b'[   11.814478] mmc0: new SDXC card at address 0001\r\n'b'[   11.819379] mmcblk0: mmc0:0001 SD64G 58.2 GiB \r\n'b'[   11.825351]  mmcblk0: p1 p2\r\n'b'[   12.855508] zynqmp-display fd4a0000.display: [drm] Cannot find any crtc or sizes\r\n'b'[   12.863153] [drm] Initialized xlnx 1.0.0 20130509 for fd4a0000.display on minor 0\r\n'b'[   12.870647] zynqmp-display fd4a0000.display: ZynqMP DisplayPort Subsystem driver probed\r\n'b'[   12.879038] ahci-ceva fd0c0000.ahci: supply ahci not found, using dummy regulator\r\n'b'[   12.886587] ahci-ceva fd0c0000.ahci: supply phy not found, using dummy regulator\r\n'b'[   12.894052] ahci-ceva fd0c0000.ahci: supply target not found, using dummy regulator\r\n'b'[   12.901894] ahci-ceva fd0c0000.ahci: AHCI 0001.0301 32 slots 2 ports 6 Gbps 0x3 impl platform mode\r\n'b'[   12.910853] ahci-ceva fd0c0000.ahci: flags: 64bit ncq sntf pm clo only pmp fbs pio slum part ccc sds apst \r\n'b'[   12.921322] scsi host0: ahci-ceva\r\n'b'[   12.924926] scsi host1: ahci-ceva\r\n'b'[   12.928361] ata1: SATA max UDMA/133 mmio [mem 0xfd0c0000-0xfd0c1fff] port 0x100 irq 54\r\n'b'[   12.936274] ata2: SATA max UDMA/133 mmio [mem 0xfd0c0000-0xfd0c1fff] port 0x180 irq 54\r\n'b'[   12.966183] xhci-hcd xhci-hcd.1.auto: xHCI Host Controller\r\n'b'[   12.971686] xhci-hcd xhci-hcd.1.auto: new USB bus registered, assigned bus number 1\r\n'b'[   12.979441] xhci-hcd xhci-hcd.1.auto: hcc params 0x0238f625 hci version 0x100 quirks 0x0000000002010810\r\n'b'[   12.988861] xhci-hcd xhci-hcd.1.auto: irq 96, io mem 0xfe200000\r\n'b'[   12.994992] usb usb1: New USB device found, idVendor=1d6b, idProduct=0002, bcdDevice= 5.10\r\n'b'[   13.003256] usb usb1: New USB device strings: Mfr=3, Product=2, SerialNumber=1\r\n'b'[   13.010467] usb usb1: Product: xHCI Host Controller\r\n'b'[   13.015337] usb usb1: Manufacturer: Linux 5.10.0-xilinx-v2021.2 xhci-hcd\r\n'b'[   13.022030] usb usb1: SerialNumber: xhci-hcd.1.auto\r\n'b'[   13.027215] hub 1-0:1.0: USB hub found\r\n'b'[   13.030980] hub 1-0:1.0: 1 port detected\r\n'b'[   13.035090] xhci-hcd xhci-hcd.1.auto: xHCI Host Controller\r\n'b'[   13.040581] xhci-hcd xhci-hcd.1.auto: new USB bus registered, assigned bus number 2\r\n'b'[   13.048236] xhci-hcd xhci-hcd.1.auto: Host supports USB 3.0 SuperSpeed\r\n'b'[   13.054869] usb usb2: New USB device found, idVendor=1d6b, idProduct=0003, bcdDevice= 5.10\r\n'b'[   13.063128] usb usb2: New USB device strings: Mfr=3, Product=2, SerialNumber=1\r\n'b'[   13.070338] usb usb2: Product: xHCI Host Controller\r\n'b'[   13.075209] usb usb2: Manufacturer: Linux 5.10.0-xilinx-v2021.2 xhci-hcd\r\n'b'[   13.081906] usb usb2: SerialNumber: xhci-hcd.1.auto\r\n'b'[   13.087029] hub 2-0:1.0: USB hub found\r\n'b'[   13.090795] hub 2-0:1.0: 1 port detected\r\n'b'[   13.097927] input: gpio-keys as /devices/platform/gpio-keys/input/input0\r\n'b'[   13.104930] of_cfs_init\r\n'b'[   13.107386] of_cfs_init: OK\r\n'b'[   13.110350] cfg80211: Loading compiled-in X.509 certificates for regulatory database\r\n'b"[   13.248388] cfg80211: Loaded X.509 cert 'sforshee: 00b28ddf47aef9cea7'\r\n"b'[   13.254934] clk: Not disabling unused clocks\r\n'b'[   13.257665] ata2: SATA link down (SStatus 0 SControl 330)\r\n'b'[   13.259462] ALSA device list:\r\n'b'[   13.264621] ata1: SATA link down (SStatus 0 SControl 330)\r\n'b'[   13.267544]   #0: DisplayPort monitor\r\n'b'[   13.276898] platform regulatory.0: Direct firmware load for regulatory.db failed with error -2\r\n'b'[   13.277502] Freeing unused kernel memory: 2112K\r\n'b'[   13.285509] cfg80211: failed to load regulatory.db\r\n'b'[   13.299537] Run /init as init process\r\n'b'\rINIT: version 2.97 booting\r\r\n'b'Starting udev\r\n'b'[   13.432340] udevd[261]: starting version 3.2.9\r\n'b'[   13.437198] random: udevd: uninitialized urandom read (16 bytes read)\r\n'b'[   13.443887] random: udevd: uninitialized urandom read (16 bytes read)\r\n'b'[   13.450355] random: udevd: uninitialized urandom read (16 bytes read)\r\n'b'[   13.476704] udevd[262]: starting eudev-3.2.9\r\n'b'[   13.549414] zocl: loading out-of-tree module taints kernel.\r\n'b'[   13.549417] zocl: loading out-of-tree module taints kernel.\r\n'b'[   13.559848] [drm] Probing for xlnx,zocl\r\n'b'[   13.564677] zocl-drm axi:zyxclmm_drm: IRQ index 32 not found\r\n'b'[   13.570556] [drm] FPGA programming device pcap founded.\r\n'b'[   13.575800] [drm] PR Isolation addr 0x0\r\n'b'[   13.576779] [drm] Initialized zocl 0.0.0 00000 for axi:zyxclmm_drm on minor 1\r\n'b'[   13.588896] [drm] Probing for xlnx,zocl\r\n'b'[   13.593113] zocl-drm amba_pl@0:zyxclmm_drm: IRQ index 32 not found\r\n'b'[   13.599489] [drm] FPGA programming device pcap founded.\r\n'b'[   13.604730] [drm] PR Isolation addr 0x0\r\n'b'[   13.605099] [drm] Initialized zocl 0.0.0 00000 for amba_pl@0:zyxclmm_drm on minor 2\r\n'b'[   13.975594] zynqmp-display fd4a0000.display: [drm] Cannot find any crtc or sizes\r\n'b'[   14.622210] EXT4-fs (mmcblk0p2): mounted filesystem with ordered data mode. Opts: (null)\r\n'b'[   14.762300] FAT-fs (mmcblk0p1): Volume was not properly unmounted. Some data may be corrupt. Please run fsck.\r\n'b'bootlogd: /dev/ttyPS0Configuring packages on first boot....\r\r\n'b' (This may take several minutes. Please do not power off the machine.)\r\r\n'b'Running postinst /etc/rpm-postinsts/100-zocl...\r\r\n'b'[   15.773506] zocl-drm axi:zyxclmm_drm: IRQ index 32 not found\r\n'b'[   15.780102] zocl-drm amba_pl@0:zyxclmm_drm: IRQ index 32 not found\r\n'b'Running postinst /etc/rpm-postinsts/101-sysvinit-inittab...\r\r\n'b'Running postinst /etc/rpm-postinsts/102-libmali-xlnx...\r\r\n'b'Running postinst /etc/rpm-postinsts/103-xrt...\r\r\n'b'update-rc.d: /etc/init.d/run-postinsts exists during rc.d purge (continuing)\r\r\n'b' Removing any system \rINIT: Entering runlevel: 5\r\r\r\n'b'Configuring network interfaces... udhcpc: started, v1.32.0\r\r\n'b'udhcpc: sending discover\r\r\n'b'udhcpc: sending discover\r\r\n'b'udhcpc: sending discover\r\r\n'b'udhcpc: no lease, forking to background\r\r\n'b'done.\r\r\n'b'Starting system message bus: dbus.\r\r\n'b'Starting haveged: haveged: command socket is listening at fd 3\r\r\n'b'haveged: haveged starting up\r\r\r\n'b'\r\r\n'b'\r\r\n'b'Starting Dropbear SSH server: Waiting for kernel randomness to be initialised...\r\r\n'b'haveged: haveged: ver: 1.9.13; arch: generic; vend: ; build: (gcc 10.2.0 CTV); collect: 128K\r\r\n'b'\r\r\r\n'b'haveged: haveged: cpu: (VC); data: 16K (D); inst: 16K (D); idx: 11/40; sz: 15456/64452\r\r\n'b'\r\r\r\n'b'haveged: haveged: tot tests(BA8): A:1/1 B:1/1 continuous tests(B):  last entropy estimate 8.00072\r\r\n'b'\r\r\r\n'b'haveged: haveged: fills: 0, generated: 0 \r\r\n'b'\r\r\r\n'b'Generating 2048 bit rsa key, this may take a while...\r\r\n'b'Public key portion is:\r\r\n'b'ssh-rsa AAAAB3NzaC1yc2EAAAADAQABAAABAQChw7n0u/Com0fGzRIRLtPvm2JpIN/oG6PPzHbCcBKAFmAd5aqEzKoL2sxcx68AtPZHY8jsYOUK6qNYBHC487T3Diz1uSPSZnEpvsVsIPANCx7ilL8t31rK2n3BjsARVUrlGaXlulDeJi6/Okc32HpuRwUDYHwD2Fja0uN84nkAF8VRS5OUGBs8Y+7hygx3xZNJvlRI512oL1NgLO4DZkfY6BU1dETygteR4P3VT5quFl0VU/4XdbEWCjHmILZqKZqaVMCO9F9vk2gsAH5D1XRvcUnAneqBi9SfSvLxzfCW/bbBPrGg6YvEpSWMer+DuQdKPErIgVPv60c+SV7Nwtmt root@zcu102_base_sw\r\r\n'b'Fingerprint: sha1!! 9f:25:97:bd:aa:d8:6c:82:4f:d2:9d:72:e9:08:00:f3:76:05:54:b6\r\r\n'b'dropbear.\r\r\n'b'Starting internet superserver: inetd.\r\r\n'b'Starting syslogd/klogd: done\r\r\n'b'Starting tcf-agent: OK\r\n'b'\r\r\n'b'PetaLinux 2021.2 zcu102_base_sw ttyPS0\r\n'